open! Core.Std

let%expect_test _ =
  [%expect {| |}];
  failwith "hi ho";
  [%expect {| DID NOT REACH THIS PROGRAM POINT |}]
;;
